logic__167: 
logic__131: 
logic__89: 
muxpart__1: 
logic__73: 
muxpart: 
datapath__11: 
reg__12: 
logic: 
logic__142: 
reg__21: 
logic__192: 
logic__63: 
case__6: 
datapath__18: 
case__12: 
logic__66: 
case__13: 
logic__10: 
recorder: 
case__4: 
logic__105: 
datapath__7: 
case__23: 
case__17: 
datapath__4: 
logic__152: 
counter__2: 
logic__94: 
logic__208: 
logic__97: 
reg__10: 
logic__214: 
logic__153: 
logic__188: 
datapath__10: 
logic__95: 
logic__93: 
logic__207: 
reg: 
logic__197: 
case__9: 
counter: 
case__16: 
logic__43: 
reg__5: 
logic__99: 
muxpart__4: 
logic__64: 
datapath__19: 
case__15: 
logic__185: 
logic__8: 
datapath__1: 
logic__189: 
datapath__9: 
logic__53: 
logic__110: 
logic__6: 
reg__28: 
logic__144: 
datapath__14: 
logic__28: 
counter__6: 
datapath__17: 
logic__164: 
muxpart__5: 
reg__15: 
top_level: 
counter__1: 
extram: 
logic__103: 
logic__145: 
logic__128: 
reg__19: 
case__19: 
logic__203: 
logic__120: 
logic__102: 
logic__111: 
case__5: 
case__24: 
datapath__6: 
datapath__12: 
reg__25: 
case__8: 
logic__67: 
logic__213: 
case: 
datapath__2: 
reg__13: 
case__2: 
reg__31: 
logic__33: 
reg__8: 
reg__4: 
reg__32: 
muxpart__7: 
logic__200: 
logic__37: 
reg__30: 
datapath__3: 
logic__65: 
logic__141: 
debouncer: 
reg__26: 
case__29: 
logic__9: 
case__21: 
case__27: 
datapath__15: 
logic__123: 
logic__204: 
counter__5: 
counter__4: 
logic__212: 
case__3: 
logic__85: 
reg__9: 
datapath__5: 
reg__29: 
case__1: 
counter__7: 
reg__24: 
datapath__13: 
logic__7: 
case__20: 
logic__104: 
case__10: 
logic__209: 
logic__34: 
case__18: 
seven_segment_controller: 
reg__6: 
muxpart__3: 
logic__158: 
tone_detection_fsm: 
muxpart__6: 
reg__3: 
reg__14: 
logic__109: 
reg__33: 
reg__17: 
logic__124: 
datapath__16: 
case__14: 
datapath__8: 
case__28: 
logic__117: 
logic__55: 
logic__96: 
case__11: 
reg__22: 
logic__125: 
logic__149: 
reg__20: 
bto7s: 
logic__81: 
logic__69: 
reg__27: 
xilinx_true_dual_port_read_first_2_clock_ram: 
counter__3: 
case__25: 
logic__168: 
logic__42: 
muxpart__2: 
logic__40: 
muxpart__8: 
reg__11: 
case__26: 
logic__39: 
logic__98: 
reg__16: 
reg__2: 
logic__201: 
logic__218: 
reg__18: 
logic__72: 
reg__1: 
case__7: 
logic__29: 
logic__41: 
reg__7: 
datapath: 
logic__114: 
reg__23: 
case__22: 
logic__60: 
logic__202: 
