reg__16: 
logic__192: 
reg__5: 
logic__40: 
logic__110: 
datapath__15: 
logic__41: 
logic__73: 
reg__3: 
logic__9: 
case__19: 
datapath__2: 
case: 
case__10: 
reg__26: 
case__6: 
logic__28: 
reg__4: 
reg__15: 
logic__169: 
recorder: 
reg__25: 
case__15: 
logic__116: 
logic__89: 
logic__60: 
logic__107: 
tone_detection_fsm: 
reg__18: 
case__9: 
datapath__16: 
logic__7: 
logic__91: 
logic__199: 
logic__93: 
logic__148: 
reg__31: 
logic__10: 
muxpart__2: 
logic__101: 
muxpart__3: 
muxpart__1: 
logic__53: 
logic__98: 
reg__12: 
logic__137: 
logic__196: 
counter__2: 
muxpart__8: 
logic__160: 
logic__105: 
logic__138: 
counter__6: 
logic__113: 
logic__90: 
reg__24: 
reg__21: 
counter__5: 
logic__95: 
case__20: 
reg__32: 
muxpart__9: 
case__8: 
debouncer: 
logic__94: 
logic__6: 
reg__8: 
reg__13: 
logic__92: 
case__4: 
logic__63: 
logic__184: 
muxpart__7: 
logic__141: 
case__14: 
datapath__14: 
datapath__1: 
logic__165: 
case__5: 
counter__7: 
logic__64: 
logic__69: 
reg__14: 
case__22: 
reg__22: 
case__21: 
datapath__9: 
reg__29: 
logic__66: 
datapath__10: 
reg__1: 
muxpart__5: 
logic__178: 
case__13: 
logic__100: 
datapath: 
counter__4: 
logic__127: 
reg__20: 
case__12: 
datapath__3: 
datapath__8: 
counter__3: 
logic__121: 
case__18: 
logic__163: 
logic__140: 
reg__30: 
seven_segment_controller: 
muxpart: 
logic__81: 
logic: 
reg__19: 
reg__27: 
reg__17: 
logic__106: 
logic__34: 
logic__193: 
logic__154: 
logic__149: 
case__2: 
logic__29: 
case__1: 
datapath__13: 
logic__42: 
logic__194: 
logic__145: 
datapath__4: 
logic__99: 
logic__72: 
case__25: 
reg: 
logic__8: 
logic__39: 
logic__120: 
reg__11: 
datapath__12: 
logic__119: 
datapath__17: 
logic__195: 
counter: 
bto7s: 
case__7: 
logic__200: 
datapath__6: 
datapath__19: 
logic__43: 
datapath__7: 
reg__6: 
case__3: 
logic__77: 
logic__174: 
logic__65: 
logic__33: 
muxpart__6: 
logic__67: 
reg__10: 
logic__55: 
logic__170: 
reg__7: 
reg__9: 
reg__28: 
logic__168: 
logic__85: 
reg__2: 
case__16: 
datapath__18: 
reg__23: 
logic__164: 
counter__1: 
datapath__5: 
xilinx_true_dual_port_read_first_2_clock_ram: 
datapath__11: 
logic__189: 
logic__188: 
case__23: 
logic__37: 
top_level: 
extram: 
logic__124: 
case__17: 
case__24: 
muxpart__4: 
